Alumnos@NALUM01 MINGW64 /
$ mkdir Parcial

Alumnos@NALUM01 MINGW64 /
$ ls
LICENSE.txt  README.portable  cmd/  etc/           git-cmd.exe*  proc/  usr/
Parcial/     bin/             dev/  git-bash.exe*  mingw64/      tmp/

Alumnos@NALUM01 MINGW64 /
$ cd Parcial

Alumnos@NALUM01 MINGW64 /Parcial
$ ls
'Parcial Parte1.rtf'

Alumnos@NALUM01 MINGW64 /Parcial
$ git init
hint: Using 'master' as the name for the initial branch. This default branch nam
e
hint: is subject to change. To configure the initial branch name to use in all
hint: of your new repositories, which will suppress this warning, call:
hint:
hint:   git config --global init.defaultBranch <name>
hint:
hint: Names commonly chosen instead of 'master' are 'main', 'trunk' and
hint: 'development'. The just-created branch can be renamed via this command:
hint:
hint:   git branch -m <name>
Initialized empty Git repository in C:/Users/Alumnos/Desktop/Arquitectura/Portab
leGit/Parcial/.git/

Alumnos@NALUM01 MINGW64 /Parcial (master)
$ git remote add origin https://github.com/Cristian-zCtrl/2doParcial.git

Alumnos@NALUM01 MINGW64 /Parcial (master)
$ git remote -v
origin  https://github.com/Cristian-zCtrl/2doParcial.git (fetch)
origin  https://github.com/Cristian-zCtrl/2doParcial.git (push)

Alumnos@NALUM01 MINGW64 /Parcial (master)
$ git config --global user.email "spore_racstars@hotmail.com"

Alumnos@NALUM01 MINGW64 /Parcial (master)
$ git config --global user.name "Cristian-zCtrl"

Alumnos@NALUM01 MINGW64 /Parcial (master)
$ git config --global --list
user.email=spore_racstars@hotmail.com
user.name=Cristian-zCtrl

Alumnos@NALUM01 MINGW64 /Parcial (master)
$ ls
'Parcial Parte1.rtf'

Alumnos@NALUM01 MINGW64 /Parcial (master)
$ git add Parcial part1.rtf
fatal: pathspec 'Parcial' did not match any files

Alumnos@NALUM01 MINGW64 /Parcial (master)
$ git add Parcial Parte1.rtf
fatal: pathspec 'Parcial' did not match any files

Alumnos@NALUM01 MINGW64 /Parcial (master)
$ git add "Parcial Parte1.rtf"

Alumnos@NALUM01 MINGW64 /Parcial (master)
$ git commit -m "Primera Entrega"
[master (root-commit) e48bd28] Primera Entrega
 1 file changed, 247 insertions(+)
 create mode 100644 Parcial Parte1.rtf

Alumnos@NALUM01 MINGW64 /Parcial (master)
$ touch "Parcial Parte1.txt"

Alumnos@NALUM01 MINGW64 /Parcial (master)
$ git add "Parcial Parte1.txt"

Alumnos@NALUM01 MINGW64 /Parcial (master)
$ git commit -m "Primera Entrega en txt"
[master ab5fbbe] Primera Entrega en txt
 1 file changed, 17 insertions(+)
 create mode 100644 Parcial Parte1.txt

Alumnos@NALUM01 MINGW64 /Parcial (master)
$ git add "Parcial Parte1.txt"

Alumnos@NALUM01 MINGW64 /Parcial (master)
$ git commit -m "Entrega final en txt"
[master 0fab9c5] Entrega final en txt
 1 file changed, 8 insertions(+)

Alumnos@NALUM01 MINGW64 /Parcial (master)
$ git branch
* master

Alumnos@NALUM01 MINGW64 /Parcial (master)
$ git pusch origin master
git: 'pusch' is not a git command. See 'git --help'.

The most similar command is
        push

Alumnos@NALUM01 MINGW64 /Parcial (master)
$ git push origin master
Enumerating objects: 9, done.
Counting objects: 100% (9/9), done.
Delta compression using up to 2 threads
Compressing objects: 100% (8/8), done.
Writing objects: 100% (9/9), 11.10 KiB | 1.58 MiB/s, done.
Total 9 (delta 3), reused 0 (delta 0), pack-reused 0 (from 0)
remote: Resolving deltas: 100% (3/3), done.
To https://github.com/Cristian-zCtrl/2doParcial.git
 * [new branch]      master -> master

Alumnos@NALUM01 MINGW64 /Parcial (master)
$ ^C

Alumnos@NALUM01 MINGW64 /Parcial (master)
$
